// Vitest Snapshot v1, https://vitest.dev/guide/snapshot.html

exports[`SearchBar > should call onQuery wirh the correct value after 700mx 1`] = `
<div>
  <div
    class="search-container"
  >
    <input
      placeholder="Buscar"
      type="text"
      value=""
    />
    <button>
      Buscar
    </button>
  </div>
</div>
`;

exports[`SearchBar > should render searcbar correctly 1`] = `
<div>
  <div
    class="search-container"
  >
    <input
      placeholder="Buscar"
      type="text"
      value=""
    />
    <button>
      Buscar
    </button>
  </div>
</div>
`;
